Archive member included to satisfy reference by file (symbol)

/opt/riscv_8.2.0/lib/gcc/riscv32-unknown-elf/8.2.0/libgcc.a(_divdi3.o)
                              ../elibc/time.o (__divdi3)
/opt/riscv_8.2.0/lib/gcc/riscv32-unknown-elf/8.2.0/libgcc.a(adddf3.o)
                              ../elibc/stdio.o (__adddf3)
/opt/riscv_8.2.0/lib/gcc/riscv32-unknown-elf/8.2.0/libgcc.a(ledf2.o)
                              ../elibc/stdio.o (__ltdf2)
/opt/riscv_8.2.0/lib/gcc/riscv32-unknown-elf/8.2.0/libgcc.a(muldf3.o)
                              ../elibc/stdio.o (__muldf3)
/opt/riscv_8.2.0/lib/gcc/riscv32-unknown-elf/8.2.0/libgcc.a(subdf3.o)
                              ../elibc/stdio.o (__subdf3)
/opt/riscv_8.2.0/lib/gcc/riscv32-unknown-elf/8.2.0/libgcc.a(fixdfsi.o)
                              ../elibc/stdio.o (__fixdfsi)
/opt/riscv_8.2.0/lib/gcc/riscv32-unknown-elf/8.2.0/libgcc.a(floatsidf.o)
                              ../elibc/stdio.o (__floatsidf)
/opt/riscv_8.2.0/lib/gcc/riscv32-unknown-elf/8.2.0/libgcc.a(extendsfdf2.o)
                              test2.o (__extendsfdf2)
/opt/riscv_8.2.0/lib/gcc/riscv32-unknown-elf/8.2.0/libgcc.a(_clz.o)
                              /opt/riscv_8.2.0/lib/gcc/riscv32-unknown-elf/8.2.0/libgcc.a(_divdi3.o) (__clz_tab)
/opt/riscv_8.2.0/lib/gcc/riscv32-unknown-elf/8.2.0/libgcc.a(_clzsi2.o)
                              /opt/riscv_8.2.0/lib/gcc/riscv32-unknown-elf/8.2.0/libgcc.a(adddf3.o) (__clzsi2)

Allocating common symbols
Common symbol       size              file

got_isr             0x4               test2.o

Memory Configuration

Name             Origin             Length             Attributes
code_ram         0x0000000080000000 0x0000000000008000 xr !rw
data_ram         0x0000000080008000 0x0000000001000000 rw !x
heap_ram         0x0000000090000000 0x0000000020000000 rw !x
stack_ram        0x00000000bffe0000 0x0000000000010000 rw !x
*default*        0x0000000000000000 0xffffffffffffffff

Linker script and memory map

                0x0000000090000000                __heap_start = 0x90000000
                0x0000000020000000                __heap_size = 0x20000000
                0x00000000bfff0000                __stack_top = 0xbfff0000
                0x0000000000010000                __stack_size = 0x10000
                0x00000000bffe0000                __stack_start = (__stack_top - __stack_size)

.text           0x0000000080000000     0x3804
 boot.o(.text)
 .text          0x0000000080000000       0x1c boot.o
                0x0000000080000000                boot
 *(.text)
 .text          0x000000008000001c      0x444 test2.o
                0x000000008000001c                timer_isr
                0x0000000080000060                install_isr
                0x0000000080000090                set_timer_period
                0x00000000800000e0                enable_core_timer
                0x00000000800000f0                main
                0x0000000080000244                malloc_test
                0x00000000800003dc                timer_isr_test
 .text          0x0000000080000460      0x83c ../elibc/stdio.o
                0x0000000080000460                getchar
                0x0000000080000480                fgets
                0x0000000080000550                putchar
                0x0000000080000580                fputs
                0x00000000800005fc                putd
                0x00000000800006e8                putx
                0x0000000080000808                putf
                0x0000000080000a04                printf
 .text          0x0000000080000c9c      0x2c0 ../elibc/stdlib.o
                0x0000000080000c9c                malloc
                0x0000000080000cc4                free
                0x0000000080000ce8                calloc
                0x0000000080000d40                atoi
                0x0000000080000e78                abs
                0x0000000080000eb0                exit
                0x0000000080000ef4                srand
                0x0000000080000f14                rand
 .text          0x0000000080000f5c      0x528 ../elibc/heap_4.o
                0x0000000080000f5c                empty
                0x0000000080000f64                pvPortMalloc
                0x0000000080001138                vPortFree
                0x00000000800011ec                xPortGetFreeHeapSize
                0x00000000800011fc                xPortGetMinimumEverFreeHeapSize
                0x000000008000120c                vPortInitialiseBlocks
 .text          0x0000000080001484      0x54c ../elibc/string.o
                0x0000000080001484                memcpy
                0x00000000800014f4                memmove
                0x00000000800015cc                memset
                0x000000008000162c                strlen
                0x000000008000166c                strcpy
                0x00000000800016c8                strncpy
                0x0000000080001758                strcat
                0x00000000800017d0                strncat
                0x0000000080001860                strcmp
                0x000000008000190c                strncmp
 .text          0x00000000800019d0       0x94 ../elibc/time.o
                0x00000000800019d0                clock
 .text          0x0000000080001a64       0xa0 ../elibc/uart.o
                0x0000000080001a64                inbyte
                0x0000000080001a90                outbyte
 .text          0x0000000080001b04      0x480 /opt/riscv_8.2.0/lib/gcc/riscv32-unknown-elf/8.2.0/libgcc.a(_divdi3.o)
                0x0000000080001b04                __divdi3
 .text          0x0000000080001f84      0x7c0 /opt/riscv_8.2.0/lib/gcc/riscv32-unknown-elf/8.2.0/libgcc.a(adddf3.o)
                0x0000000080001f84                __adddf3
 .text          0x0000000080002744       0xe8 /opt/riscv_8.2.0/lib/gcc/riscv32-unknown-elf/8.2.0/libgcc.a(ledf2.o)
                0x0000000080002744                __ltdf2
                0x0000000080002744                __ledf2
 .text          0x000000008000282c      0x5c0 /opt/riscv_8.2.0/lib/gcc/riscv32-unknown-elf/8.2.0/libgcc.a(muldf3.o)
                0x000000008000282c                __muldf3
 .text          0x0000000080002dec      0x7c4 /opt/riscv_8.2.0/lib/gcc/riscv32-unknown-elf/8.2.0/libgcc.a(subdf3.o)
                0x0000000080002dec                __subdf3
 .text          0x00000000800035b0       0x80 /opt/riscv_8.2.0/lib/gcc/riscv32-unknown-elf/8.2.0/libgcc.a(fixdfsi.o)
                0x00000000800035b0                __fixdfsi
 .text          0x0000000080003630       0xac /opt/riscv_8.2.0/lib/gcc/riscv32-unknown-elf/8.2.0/libgcc.a(floatsidf.o)
                0x0000000080003630                __floatsidf
 .text          0x00000000800036dc       0xdc /opt/riscv_8.2.0/lib/gcc/riscv32-unknown-elf/8.2.0/libgcc.a(extendsfdf2.o)
                0x00000000800036dc                __extendsfdf2
 .text          0x00000000800037b8        0x0 /opt/riscv_8.2.0/lib/gcc/riscv32-unknown-elf/8.2.0/libgcc.a(_clz.o)
 .text          0x00000000800037b8       0x4c /opt/riscv_8.2.0/lib/gcc/riscv32-unknown-elf/8.2.0/libgcc.a(_clzsi2.o)
                0x00000000800037b8                __clzsi2

.srodata        0x0000000080003804        0x4
 .srodata       0x0000000080003804        0x4 ../elibc/heap_4.o

.eh_frame       0x0000000080003808       0x28
 .eh_frame      0x0000000080003808       0x28 /opt/riscv_8.2.0/lib/gcc/riscv32-unknown-elf/8.2.0/libgcc.a(_divdi3.o)

.rela.dyn       0x0000000080003830        0x0
 .rela.text     0x0000000080003830        0x0 boot.o

.data           0x0000000080008000      0x4f8
 *(.data)
 .data          0x0000000080008000        0x0 boot.o
 .data          0x0000000080008000        0x0 test2.o
 .data          0x0000000080008000        0x0 ../elibc/stdio.o
 .data          0x0000000080008000        0x0 ../elibc/stdlib.o
 .data          0x0000000080008000        0x0 ../elibc/heap_4.o
 .data          0x0000000080008000        0x0 ../elibc/string.o
 .data          0x0000000080008000        0x0 ../elibc/time.o
 .data          0x0000000080008000        0x0 ../elibc/uart.o
 .data          0x0000000080008000        0x0 /opt/riscv_8.2.0/lib/gcc/riscv32-unknown-elf/8.2.0/libgcc.a(_divdi3.o)
 .data          0x0000000080008000        0x0 /opt/riscv_8.2.0/lib/gcc/riscv32-unknown-elf/8.2.0/libgcc.a(adddf3.o)
 .data          0x0000000080008000        0x0 /opt/riscv_8.2.0/lib/gcc/riscv32-unknown-elf/8.2.0/libgcc.a(ledf2.o)
 .data          0x0000000080008000        0x0 /opt/riscv_8.2.0/lib/gcc/riscv32-unknown-elf/8.2.0/libgcc.a(muldf3.o)
 .data          0x0000000080008000        0x0 /opt/riscv_8.2.0/lib/gcc/riscv32-unknown-elf/8.2.0/libgcc.a(subdf3.o)
 .data          0x0000000080008000        0x0 /opt/riscv_8.2.0/lib/gcc/riscv32-unknown-elf/8.2.0/libgcc.a(fixdfsi.o)
 .data          0x0000000080008000        0x0 /opt/riscv_8.2.0/lib/gcc/riscv32-unknown-elf/8.2.0/libgcc.a(floatsidf.o)
 .data          0x0000000080008000        0x0 /opt/riscv_8.2.0/lib/gcc/riscv32-unknown-elf/8.2.0/libgcc.a(extendsfdf2.o)
 .data          0x0000000080008000        0x0 /opt/riscv_8.2.0/lib/gcc/riscv32-unknown-elf/8.2.0/libgcc.a(_clz.o)
 .data          0x0000000080008000        0x0 /opt/riscv_8.2.0/lib/gcc/riscv32-unknown-elf/8.2.0/libgcc.a(_clzsi2.o)
 *(.bss)
 .bss           0x0000000080008000        0x0 boot.o
 .bss           0x0000000080008000        0x0 test2.o
 .bss           0x0000000080008000        0x8 ../elibc/stdio.o
 .bss           0x0000000080008008        0x0 ../elibc/stdlib.o
 .bss           0x0000000080008008       0x1c ../elibc/heap_4.o
 .bss           0x0000000080008024        0x0 ../elibc/string.o
 .bss           0x0000000080008024        0x0 ../elibc/time.o
 .bss           0x0000000080008024        0x0 ../elibc/uart.o
 .bss           0x0000000080008024        0x0 /opt/riscv_8.2.0/lib/gcc/riscv32-unknown-elf/8.2.0/libgcc.a(_divdi3.o)
 .bss           0x0000000080008024        0x0 /opt/riscv_8.2.0/lib/gcc/riscv32-unknown-elf/8.2.0/libgcc.a(adddf3.o)
 .bss           0x0000000080008024        0x0 /opt/riscv_8.2.0/lib/gcc/riscv32-unknown-elf/8.2.0/libgcc.a(ledf2.o)
 .bss           0x0000000080008024        0x0 /opt/riscv_8.2.0/lib/gcc/riscv32-unknown-elf/8.2.0/libgcc.a(muldf3.o)
 .bss           0x0000000080008024        0x0 /opt/riscv_8.2.0/lib/gcc/riscv32-unknown-elf/8.2.0/libgcc.a(subdf3.o)
 .bss           0x0000000080008024        0x0 /opt/riscv_8.2.0/lib/gcc/riscv32-unknown-elf/8.2.0/libgcc.a(fixdfsi.o)
 .bss           0x0000000080008024        0x0 /opt/riscv_8.2.0/lib/gcc/riscv32-unknown-elf/8.2.0/libgcc.a(floatsidf.o)
 .bss           0x0000000080008024        0x0 /opt/riscv_8.2.0/lib/gcc/riscv32-unknown-elf/8.2.0/libgcc.a(extendsfdf2.o)
 .bss           0x0000000080008024        0x0 /opt/riscv_8.2.0/lib/gcc/riscv32-unknown-elf/8.2.0/libgcc.a(_clz.o)
 .bss           0x0000000080008024        0x0 /opt/riscv_8.2.0/lib/gcc/riscv32-unknown-elf/8.2.0/libgcc.a(_clzsi2.o)
 *(.rodata*)
 .rodata        0x0000000080008024      0x1b8 test2.o
 *fill*         0x00000000800081dc        0x4 
 .rodata        0x00000000800081e0      0x110 ../elibc/stdio.o
 .rodata        0x00000000800082f0       0xcc ../elibc/stdlib.o
 .rodata        0x00000000800083bc       0x3c /opt/riscv_8.2.0/lib/gcc/riscv32-unknown-elf/8.2.0/libgcc.a(muldf3.o)
 .rodata        0x00000000800083f8      0x100 /opt/riscv_8.2.0/lib/gcc/riscv32-unknown-elf/8.2.0/libgcc.a(_clz.o)
                0x00000000800083f8                __clz_tab

.sdata          0x00000000800084f8       0x20
 .sdata         0x00000000800084f8       0x1c ../elibc/stdio.o
                0x0000000080008508                stdin
                0x000000008000850c                stdout
                0x0000000080008510                stderr
 .sdata         0x0000000080008514        0x4 ../elibc/stdlib.o

.heap           0x0000000090000000 0x20000000
                0x0000000090000000                . = ALIGN (0x4)
                [!provide]                        PROVIDE (end = .)
                0x0000000090000000                _sheap = .
                0x00000000b0000000                . = (. + __heap_size)
 *fill*         0x0000000090000000 0x20000000 
                0x00000000b0000000                . = ALIGN (0x4)
                0x00000000b0000000                _eheap = .

.stack          0x00000000bffe0000    0x10000
                0x00000000bffe0000                . = ALIGN (0x4)
                0x00000000bffe0000                _estack = .
                0x00000000bfff0000                . = (. + __stack_size)
 *fill*         0x00000000bffe0000    0x10000 
                0x00000000bfff0000                . = ALIGN (0x4)
                0x00000000bfff0000                _sstack = .
LOAD boot.o
LOAD test2.o
LOAD ../elibc/stdio.o
LOAD ../elibc/stdlib.o
LOAD ../elibc/heap_4.o
LOAD ../elibc/string.o
LOAD ../elibc/time.o
LOAD ../elibc/uart.o
LOAD /opt/riscv_8.2.0/lib/gcc/riscv32-unknown-elf/8.2.0/libgcc.a
OUTPUT(_test2.o elf32-littleriscv)

.comment        0x0000000000000000       0x11
 .comment       0x0000000000000000       0x11 boot.o
                                         0x12 (size before relaxing)
 .comment       0x0000000000000011       0x12 test2.o
 .comment       0x0000000000000011       0x12 ../elibc/stdio.o
 .comment       0x0000000000000011       0x12 ../elibc/stdlib.o
 .comment       0x0000000000000011       0x12 ../elibc/heap_4.o
 .comment       0x0000000000000011       0x12 ../elibc/string.o
 .comment       0x0000000000000011       0x12 ../elibc/time.o
 .comment       0x0000000000000011       0x12 ../elibc/uart.o
 .comment       0x0000000000000011       0x12 /opt/riscv_8.2.0/lib/gcc/riscv32-unknown-elf/8.2.0/libgcc.a(_divdi3.o)
 .comment       0x0000000000000011       0x12 /opt/riscv_8.2.0/lib/gcc/riscv32-unknown-elf/8.2.0/libgcc.a(adddf3.o)
 .comment       0x0000000000000011       0x12 /opt/riscv_8.2.0/lib/gcc/riscv32-unknown-elf/8.2.0/libgcc.a(ledf2.o)
 .comment       0x0000000000000011       0x12 /opt/riscv_8.2.0/lib/gcc/riscv32-unknown-elf/8.2.0/libgcc.a(muldf3.o)
 .comment       0x0000000000000011       0x12 /opt/riscv_8.2.0/lib/gcc/riscv32-unknown-elf/8.2.0/libgcc.a(subdf3.o)
 .comment       0x0000000000000011       0x12 /opt/riscv_8.2.0/lib/gcc/riscv32-unknown-elf/8.2.0/libgcc.a(fixdfsi.o)
 .comment       0x0000000000000011       0x12 /opt/riscv_8.2.0/lib/gcc/riscv32-unknown-elf/8.2.0/libgcc.a(floatsidf.o)
 .comment       0x0000000000000011       0x12 /opt/riscv_8.2.0/lib/gcc/riscv32-unknown-elf/8.2.0/libgcc.a(extendsfdf2.o)
 .comment       0x0000000000000011       0x12 /opt/riscv_8.2.0/lib/gcc/riscv32-unknown-elf/8.2.0/libgcc.a(_clz.o)
 .comment       0x0000000000000011       0x12 /opt/riscv_8.2.0/lib/gcc/riscv32-unknown-elf/8.2.0/libgcc.a(_clzsi2.o)

.bss            0x0000000080008518        0x4
 COMMON         0x0000000080008518        0x4 test2.o
                0x0000000080008518                got_isr

.debug_info     0x0000000000000000     0x45ed
 .debug_info    0x0000000000000000     0x1250 /opt/riscv_8.2.0/lib/gcc/riscv32-unknown-elf/8.2.0/libgcc.a(_divdi3.o)
 .debug_info    0x0000000000001250      0x5a5 /opt/riscv_8.2.0/lib/gcc/riscv32-unknown-elf/8.2.0/libgcc.a(adddf3.o)
 .debug_info    0x00000000000017f5      0x284 /opt/riscv_8.2.0/lib/gcc/riscv32-unknown-elf/8.2.0/libgcc.a(ledf2.o)
 .debug_info    0x0000000000001a79      0x768 /opt/riscv_8.2.0/lib/gcc/riscv32-unknown-elf/8.2.0/libgcc.a(muldf3.o)
 .debug_info    0x00000000000021e1      0x5a5 /opt/riscv_8.2.0/lib/gcc/riscv32-unknown-elf/8.2.0/libgcc.a(subdf3.o)
 .debug_info    0x0000000000002786      0x217 /opt/riscv_8.2.0/lib/gcc/riscv32-unknown-elf/8.2.0/libgcc.a(fixdfsi.o)
 .debug_info    0x000000000000299d      0x2bc /opt/riscv_8.2.0/lib/gcc/riscv32-unknown-elf/8.2.0/libgcc.a(floatsidf.o)
 .debug_info    0x0000000000002c59      0x2a9 /opt/riscv_8.2.0/lib/gcc/riscv32-unknown-elf/8.2.0/libgcc.a(extendsfdf2.o)
 .debug_info    0x0000000000002f02      0xb3f /opt/riscv_8.2.0/lib/gcc/riscv32-unknown-elf/8.2.0/libgcc.a(_clz.o)
 .debug_info    0x0000000000003a41      0xbac /opt/riscv_8.2.0/lib/gcc/riscv32-unknown-elf/8.2.0/libgcc.a(_clzsi2.o)

.debug_abbrev   0x0000000000000000     0x11cd
 .debug_abbrev  0x0000000000000000      0x2e4 /opt/riscv_8.2.0/lib/gcc/riscv32-unknown-elf/8.2.0/libgcc.a(_divdi3.o)
 .debug_abbrev  0x00000000000002e4      0x196 /opt/riscv_8.2.0/lib/gcc/riscv32-unknown-elf/8.2.0/libgcc.a(adddf3.o)
 .debug_abbrev  0x000000000000047a      0x188 /opt/riscv_8.2.0/lib/gcc/riscv32-unknown-elf/8.2.0/libgcc.a(ledf2.o)
 .debug_abbrev  0x0000000000000602      0x18e /opt/riscv_8.2.0/lib/gcc/riscv32-unknown-elf/8.2.0/libgcc.a(muldf3.o)
 .debug_abbrev  0x0000000000000790      0x196 /opt/riscv_8.2.0/lib/gcc/riscv32-unknown-elf/8.2.0/libgcc.a(subdf3.o)
 .debug_abbrev  0x0000000000000926      0x18a /opt/riscv_8.2.0/lib/gcc/riscv32-unknown-elf/8.2.0/libgcc.a(fixdfsi.o)
 .debug_abbrev  0x0000000000000ab0      0x178 /opt/riscv_8.2.0/lib/gcc/riscv32-unknown-elf/8.2.0/libgcc.a(floatsidf.o)
 .debug_abbrev  0x0000000000000c28      0x17b /opt/riscv_8.2.0/lib/gcc/riscv32-unknown-elf/8.2.0/libgcc.a(extendsfdf2.o)
 .debug_abbrev  0x0000000000000da3      0x1e8 /opt/riscv_8.2.0/lib/gcc/riscv32-unknown-elf/8.2.0/libgcc.a(_clz.o)
 .debug_abbrev  0x0000000000000f8b      0x242 /opt/riscv_8.2.0/lib/gcc/riscv32-unknown-elf/8.2.0/libgcc.a(_clzsi2.o)

.debug_loc      0x0000000000000000     0x4113
 .debug_loc     0x0000000000000000      0x971 /opt/riscv_8.2.0/lib/gcc/riscv32-unknown-elf/8.2.0/libgcc.a(_divdi3.o)
 .debug_loc     0x0000000000000971     0x1207 /opt/riscv_8.2.0/lib/gcc/riscv32-unknown-elf/8.2.0/libgcc.a(adddf3.o)
 .debug_loc     0x0000000000001b78       0xec /opt/riscv_8.2.0/lib/gcc/riscv32-unknown-elf/8.2.0/libgcc.a(ledf2.o)
 .debug_loc     0x0000000000001c64      0xdc4 /opt/riscv_8.2.0/lib/gcc/riscv32-unknown-elf/8.2.0/libgcc.a(muldf3.o)
 .debug_loc     0x0000000000002a28     0x1221 /opt/riscv_8.2.0/lib/gcc/riscv32-unknown-elf/8.2.0/libgcc.a(subdf3.o)
 .debug_loc     0x0000000000003c49      0x16d /opt/riscv_8.2.0/lib/gcc/riscv32-unknown-elf/8.2.0/libgcc.a(fixdfsi.o)
 .debug_loc     0x0000000000003db6      0x14e /opt/riscv_8.2.0/lib/gcc/riscv32-unknown-elf/8.2.0/libgcc.a(floatsidf.o)
 .debug_loc     0x0000000000003f04      0x1a4 /opt/riscv_8.2.0/lib/gcc/riscv32-unknown-elf/8.2.0/libgcc.a(extendsfdf2.o)
 .debug_loc     0x00000000000040a8       0x6b /opt/riscv_8.2.0/lib/gcc/riscv32-unknown-elf/8.2.0/libgcc.a(_clzsi2.o)

.debug_aranges  0x0000000000000000      0x138
 .debug_aranges
                0x0000000000000000       0x20 /opt/riscv_8.2.0/lib/gcc/riscv32-unknown-elf/8.2.0/libgcc.a(_divdi3.o)
 .debug_aranges
                0x0000000000000020       0x20 /opt/riscv_8.2.0/lib/gcc/riscv32-unknown-elf/8.2.0/libgcc.a(adddf3.o)
 .debug_aranges
                0x0000000000000040       0x20 /opt/riscv_8.2.0/lib/gcc/riscv32-unknown-elf/8.2.0/libgcc.a(ledf2.o)
 .debug_aranges
                0x0000000000000060       0x20 /opt/riscv_8.2.0/lib/gcc/riscv32-unknown-elf/8.2.0/libgcc.a(muldf3.o)
 .debug_aranges
                0x0000000000000080       0x20 /opt/riscv_8.2.0/lib/gcc/riscv32-unknown-elf/8.2.0/libgcc.a(subdf3.o)
 .debug_aranges
                0x00000000000000a0       0x20 /opt/riscv_8.2.0/lib/gcc/riscv32-unknown-elf/8.2.0/libgcc.a(fixdfsi.o)
 .debug_aranges
                0x00000000000000c0       0x20 /opt/riscv_8.2.0/lib/gcc/riscv32-unknown-elf/8.2.0/libgcc.a(floatsidf.o)
 .debug_aranges
                0x00000000000000e0       0x20 /opt/riscv_8.2.0/lib/gcc/riscv32-unknown-elf/8.2.0/libgcc.a(extendsfdf2.o)
 .debug_aranges
                0x0000000000000100       0x18 /opt/riscv_8.2.0/lib/gcc/riscv32-unknown-elf/8.2.0/libgcc.a(_clz.o)
 .debug_aranges
                0x0000000000000118       0x20 /opt/riscv_8.2.0/lib/gcc/riscv32-unknown-elf/8.2.0/libgcc.a(_clzsi2.o)

.debug_ranges   0x0000000000000000      0x828
 .debug_ranges  0x0000000000000000      0x108 /opt/riscv_8.2.0/lib/gcc/riscv32-unknown-elf/8.2.0/libgcc.a(_divdi3.o)
 .debug_ranges  0x0000000000000108      0x210 /opt/riscv_8.2.0/lib/gcc/riscv32-unknown-elf/8.2.0/libgcc.a(adddf3.o)
 .debug_ranges  0x0000000000000318       0x68 /opt/riscv_8.2.0/lib/gcc/riscv32-unknown-elf/8.2.0/libgcc.a(ledf2.o)
 .debug_ranges  0x0000000000000380      0x1e8 /opt/riscv_8.2.0/lib/gcc/riscv32-unknown-elf/8.2.0/libgcc.a(muldf3.o)
 .debug_ranges  0x0000000000000568      0x1e8 /opt/riscv_8.2.0/lib/gcc/riscv32-unknown-elf/8.2.0/libgcc.a(subdf3.o)
 .debug_ranges  0x0000000000000750       0x18 /opt/riscv_8.2.0/lib/gcc/riscv32-unknown-elf/8.2.0/libgcc.a(fixdfsi.o)
 .debug_ranges  0x0000000000000768       0x68 /opt/riscv_8.2.0/lib/gcc/riscv32-unknown-elf/8.2.0/libgcc.a(floatsidf.o)
 .debug_ranges  0x00000000000007d0       0x38 /opt/riscv_8.2.0/lib/gcc/riscv32-unknown-elf/8.2.0/libgcc.a(extendsfdf2.o)
 .debug_ranges  0x0000000000000808       0x20 /opt/riscv_8.2.0/lib/gcc/riscv32-unknown-elf/8.2.0/libgcc.a(_clzsi2.o)

.debug_line     0x0000000000000000     0x4275
 .debug_line    0x0000000000000000      0x96a /opt/riscv_8.2.0/lib/gcc/riscv32-unknown-elf/8.2.0/libgcc.a(_divdi3.o)
 .debug_line    0x000000000000096a      0xef2 /opt/riscv_8.2.0/lib/gcc/riscv32-unknown-elf/8.2.0/libgcc.a(adddf3.o)
 .debug_line    0x000000000000185c      0x2f5 /opt/riscv_8.2.0/lib/gcc/riscv32-unknown-elf/8.2.0/libgcc.a(ledf2.o)
 .debug_line    0x0000000000001b51      0xc0a /opt/riscv_8.2.0/lib/gcc/riscv32-unknown-elf/8.2.0/libgcc.a(muldf3.o)
 .debug_line    0x000000000000275b      0xf2f /opt/riscv_8.2.0/lib/gcc/riscv32-unknown-elf/8.2.0/libgcc.a(subdf3.o)
 .debug_line    0x000000000000368a      0x219 /opt/riscv_8.2.0/lib/gcc/riscv32-unknown-elf/8.2.0/libgcc.a(fixdfsi.o)
 .debug_line    0x00000000000038a3      0x229 /opt/riscv_8.2.0/lib/gcc/riscv32-unknown-elf/8.2.0/libgcc.a(floatsidf.o)
 .debug_line    0x0000000000003acc      0x361 /opt/riscv_8.2.0/lib/gcc/riscv32-unknown-elf/8.2.0/libgcc.a(extendsfdf2.o)
 .debug_line    0x0000000000003e2d      0x1e3 /opt/riscv_8.2.0/lib/gcc/riscv32-unknown-elf/8.2.0/libgcc.a(_clz.o)
 .debug_line    0x0000000000004010      0x265 /opt/riscv_8.2.0/lib/gcc/riscv32-unknown-elf/8.2.0/libgcc.a(_clzsi2.o)

.debug_str      0x0000000000000000      0xda2
 .debug_str     0x0000000000000000      0x78d /opt/riscv_8.2.0/lib/gcc/riscv32-unknown-elf/8.2.0/libgcc.a(_divdi3.o)
                                        0x80d (size before relaxing)
 .debug_str     0x000000000000078d      0x223 /opt/riscv_8.2.0/lib/gcc/riscv32-unknown-elf/8.2.0/libgcc.a(adddf3.o)
                                        0x31a (size before relaxing)
 .debug_str     0x00000000000009b0       0x77 /opt/riscv_8.2.0/lib/gcc/riscv32-unknown-elf/8.2.0/libgcc.a(ledf2.o)
                                        0x258 (size before relaxing)
 .debug_str     0x0000000000000a27      0x20e /opt/riscv_8.2.0/lib/gcc/riscv32-unknown-elf/8.2.0/libgcc.a(muldf3.o)
                                        0x434 (size before relaxing)
 .debug_str     0x0000000000000c35       0x36 /opt/riscv_8.2.0/lib/gcc/riscv32-unknown-elf/8.2.0/libgcc.a(subdf3.o)
                                        0x31a (size before relaxing)
 .debug_str     0x0000000000000c6b       0x4b /opt/riscv_8.2.0/lib/gcc/riscv32-unknown-elf/8.2.0/libgcc.a(fixdfsi.o)
                                        0x231 (size before relaxing)
 .debug_str     0x0000000000000cb6       0x69 /opt/riscv_8.2.0/lib/gcc/riscv32-unknown-elf/8.2.0/libgcc.a(floatsidf.o)
                                        0x2c7 (size before relaxing)
 .debug_str     0x0000000000000d1f       0x7a /opt/riscv_8.2.0/lib/gcc/riscv32-unknown-elf/8.2.0/libgcc.a(extendsfdf2.o)
                                        0x255 (size before relaxing)
 .debug_str     0x0000000000000d99      0x755 /opt/riscv_8.2.0/lib/gcc/riscv32-unknown-elf/8.2.0/libgcc.a(_clz.o)
 .debug_str     0x0000000000000d99        0x9 /opt/riscv_8.2.0/lib/gcc/riscv32-unknown-elf/8.2.0/libgcc.a(_clzsi2.o)
                                        0x772 (size before relaxing)

.debug_frame    0x0000000000000000      0x1ac
 .debug_frame   0x0000000000000000       0x44 /opt/riscv_8.2.0/lib/gcc/riscv32-unknown-elf/8.2.0/libgcc.a(adddf3.o)
 .debug_frame   0x0000000000000044       0x20 /opt/riscv_8.2.0/lib/gcc/riscv32-unknown-elf/8.2.0/libgcc.a(ledf2.o)
 .debug_frame   0x0000000000000064       0x54 /opt/riscv_8.2.0/lib/gcc/riscv32-unknown-elf/8.2.0/libgcc.a(muldf3.o)
 .debug_frame   0x00000000000000b8       0x44 /opt/riscv_8.2.0/lib/gcc/riscv32-unknown-elf/8.2.0/libgcc.a(subdf3.o)
 .debug_frame   0x00000000000000fc       0x20 /opt/riscv_8.2.0/lib/gcc/riscv32-unknown-elf/8.2.0/libgcc.a(fixdfsi.o)
 .debug_frame   0x000000000000011c       0x38 /opt/riscv_8.2.0/lib/gcc/riscv32-unknown-elf/8.2.0/libgcc.a(floatsidf.o)
 .debug_frame   0x0000000000000154       0x38 /opt/riscv_8.2.0/lib/gcc/riscv32-unknown-elf/8.2.0/libgcc.a(extendsfdf2.o)
 .debug_frame   0x000000000000018c       0x20 /opt/riscv_8.2.0/lib/gcc/riscv32-unknown-elf/8.2.0/libgcc.a(_clzsi2.o)
